2017/09/29 09:04:46 [error] 7836#3148: *1 "C:\workFile\soft\Nginx\nginx-1.13.5/html/wssq/index.html" is not found (3: The system cannot find the path specified), client: 127.0.0.1, server: localhost, request: "GET /wssq/ HTTP/1.0", host: "hxla.gatzs.com.cn"
2017/09/29 09:04:49 [error] 7836#3148: *1 "C:\workFile\soft\Nginx\nginx-1.13.5/html/wssq/index.html" is not found (3: The system cannot find the path specified), client: 127.0.0.1, server: localhost, request: "GET /wssq/ HTTP/1.0", host: "hxla.gatzs.com.cn"
2017/09/29 09:04:57 [error] 7836#3148: *2 CreateFile() "C:\workFile\soft\Nginx\nginx-1.13.5/html/favicon.ico" failed (2: The system cannot find the file specified), client: 127.0.0.1, server: localhost, request: "GET /favicon.ico HTTP/1.0", host: "localhost"
2017/09/29 09:05:30 [error] 7836#3148: *2 CreateFile() "C:\workFile\soft\Nginx\nginx-1.13.5/html/favicon.ico" failed (2: The system cannot find the file specified), client: 127.0.0.1, server: localhost, request: "GET /favicon.ico HTTP/1.0", host: "localhost"
2017/09/29 09:06:04 [notice] 10716#8892: signal process started
2017/09/29 09:06:16 [error] 5520#11200: *5 CreateFile() "C:\workFile\soft\Nginx\nginx-1.13.5/html/favicon.ico" failed (2: The system cannot find the file specified), client: 127.0.0.1, server: localhost, request: "GET /favicon.ico HTTP/1.0", host: "localhost:8080"
2017/09/29 09:15:07 [warn] 2612#5992: server name "hxla.gatzs.com.cn/wssq" has suspicious symbols in C:\workFile\soft\Nginx\nginx-1.13.5/conf/nginx.conf:38
2017/09/29 09:15:07 [notice] 2612#5992: signal process started
2017/09/29 09:15:07 [emerg] 10796#6472: bind() to 0.0.0.0:80 failed (10013: An attempt was made to access a socket in a way forbidden by its access permissions)
2017/09/29 09:17:52 [warn] 11168#8708: server name "hxla.gatzs.com.cn/wssq" has suspicious symbols in C:\workFile\soft\Nginx\nginx-1.13.5/conf/nginx.conf:38
2017/09/29 09:17:52 [notice] 11168#8708: signal process started
2017/09/29 09:17:52 [emerg] 10796#6472: bind() to 0.0.0.0:80 failed (10013: An attempt was made to access a socket in a way forbidden by its access permissions)
2017/09/29 09:19:42 [warn] 10384#10388: server name "hxla.gatzs.com.cn/wssq" has suspicious symbols in C:\workFile\soft\Nginx\nginx-1.13.5/conf/nginx.conf:38
2017/09/29 09:19:42 [notice] 10384#10388: signal process started
2017/09/29 09:19:42 [emerg] 10796#6472: bind() to 0.0.0.0:80 failed (10013: An attempt was made to access a socket in a way forbidden by its access permissions)
2017/09/29 09:22:59 [warn] 11172#6488: server name "hxla.gatzs.com.cn/wssq" has suspicious symbols in C:\workFile\soft\Nginx\nginx-1.13.5/conf/nginx.conf:38
2017/09/29 09:22:59 [notice] 11172#6488: signal process started
2017/12/11 12:01:27 [error] 3692#12760: *1 CreateFile() "C:\workFile\soft\Nginx\nginx-1.13.5/html/favicon.ico" failed (2: The system cannot find the file specified), client: 127.0.0.1, server: 127.0.0.1, request: "GET /favicon.ico HTTP/1.1", host: "localhost", referrer: "http://localhost/"
2017/12/11 12:02:16 [notice] 9852#7728: signal process started
2017/12/11 12:02:16 [error] 9852#7728: OpenEvent("Global\ngx_stop_2192") failed (5: Access is denied)
2017/12/11 12:03:17 [notice] 9852#8520: signal process started
2017/12/11 12:03:17 [error] 9852#8520: OpenEvent("Global\ngx_stop_2192") failed (5: Access is denied)
2017/12/11 12:05:06 [notice] 4352#11404: signal process started
2017/12/11 12:05:06 [error] 4352#11404: OpenEvent("Global\ngx_stop_2192") failed (5: Access is denied)
2017/12/11 12:05:07 [notice] 14228#6684: signal process started
2017/12/11 12:05:07 [error] 14228#6684: OpenEvent("Global\ngx_stop_2192") failed (5: Access is denied)
2017/12/11 12:05:08 [notice] 13428#14060: signal process started
2017/12/11 12:05:08 [error] 13428#14060: OpenEvent("Global\ngx_stop_2192") failed (5: Access is denied)
2017/12/11 12:05:30 [notice] 11216#12560: signal process started
2017/12/11 12:05:30 [error] 11216#12560: OpenEvent("Global\ngx_stop_2192") failed (5: Access is denied)
2017/12/11 12:05:35 [notice] 3296#13644: signal process started
2017/12/11 12:05:35 [error] 3296#13644: OpenEvent("Global\ngx_quit_2192") failed (5: Access is denied)
2017/12/11 12:05:55 [notice] 10592#8288: signal process started
2017/12/11 12:05:55 [error] 10592#8288: OpenEvent("Global\ngx_reload_2192") failed (5: Access is denied)
2017/12/11 12:10:55 [error] 11540#13076: *4 CreateFile() "C:\workFile\soft\Nginx\nginx-1.13.5/html/favicon.ico" failed (2: The system cannot find the file specified), client: 127.0.0.1, server: 127.0.0.1, request: "GET /favicon.ico HTTP/1.1", host: "127.0.0.1", referrer: "http://127.0.0.1/my/girlController/getGirls"
2017/12/11 12:49:22 [error] 11540#13076: *7 CreateFile() "C:\workFile\soft\Nginx\nginx-1.13.5/html/girlController/getGirls" failed (3: The system cannot find the path specified), client: 127.0.0.1, server: 127.0.0.1, request: "GET /girlController/getGirls HTTP/1.1", host: "127.0.0.1"
2017/12/11 12:50:36 [notice] 12532#13252: signal process started
2017/12/11 13:06:57 [notice] 10684#4932: signal process started
2017/12/11 13:10:59 [warn] 13740#11240: conflicting server name "127.0.0.1" on 0.0.0.0:80, ignored
2017/12/11 13:10:59 [warn] 14136#11900: conflicting server name "127.0.0.1" on 0.0.0.0:80, ignored
2017/12/11 13:11:40 [warn] 8264#8424: conflicting server name "127.0.0.1" on 0.0.0.0:80, ignored
2017/12/11 13:11:40 [notice] 8264#8424: signal process started
2017/12/11 13:11:40 [warn] 12756#12236: conflicting server name "127.0.0.1" on 0.0.0.0:80, ignored
2017/12/11 13:11:52 [error] 12756#13792: *4 CreateFile() "C:\workFile\soft\Nginx\nginx-1.13.5/html/my/girlController/getGirls" failed (3: The system cannot find the path specified), client: 127.0.0.1, server: 127.0.0.1, request: "GET /my/girlController/getGirls HTTP/1.1", host: "127.0.0.1"
2017/12/11 13:13:41 [warn] 9552#12248: conflicting server name "127.0.0.1" on 0.0.0.0:80, ignored
2017/12/11 13:13:41 [notice] 9552#12248: signal process started
2017/12/11 13:14:02 [warn] 5168#10924: conflicting server name "127.0.0.1" on 0.0.0.0:80, ignored
2017/12/11 13:14:02 [warn] 13372#4040: conflicting server name "127.0.0.1" on 0.0.0.0:80, ignored
2017/12/11 13:15:18 [notice] 9552#10420: signal process started
2017/12/11 13:16:38 [notice] 7728#13112: signal process started
2017/12/11 13:18:23 [notice] 12512#12272: signal process started
2017/12/11 13:20:01 [notice] 12236#13724: signal process started
2017/12/11 13:20:49 [error] 13632#8036: *3 CreateFile() "C:\workFile\soft\Nginx\nginx-1.13.5/html/mysrping/girlController/getGirls" failed (3: The system cannot find the path specified), client: 127.0.0.1, server: 127.0.0.1, request: "GET /mysrping/girlController/getGirls HTTP/1.1", host: "127.0.0.1"
2017/12/11 13:21:45 [emerg] 11404#4792: invalid number of arguments in "location" directive in C:\workFile\soft\Nginx\nginx-1.13.5/conf/nginx.conf:48
2017/12/11 13:22:53 [emerg] 10512#13260: invalid number of arguments in "location" directive in C:\workFile\soft\Nginx\nginx-1.13.5/conf/nginx.conf:48
2017/12/11 13:25:00 [emerg] 13324#13932: invalid number of arguments in "server" directive in C:\workFile\soft\Nginx\nginx-1.13.5/conf/nginx.conf:44
2017/12/11 13:25:38 [emerg] 13604#13472: invalid number of arguments in "server" directive in C:\workFile\soft\Nginx\nginx-1.13.5/conf/nginx.conf:44
2017/12/11 13:26:03 [notice] 10076#7392: signal process started
2017/12/11 13:26:03 [error] 10076#7392: OpenEvent("Global\ngx_stop_1752") failed (2: The system cannot find the file specified)
2017/12/11 13:26:32 [notice] 8560#7860: signal process started
2017/12/11 13:26:57 [error] 3672#12804: *4 CreateFile() "C:\workFile\soft\Nginx\nginx-1.13.5/html/myspring/girlController/getGirls" failed (3: The system cannot find the path specified), client: 127.0.0.1, server: 127.0.0.1, request: "GET /myspring/girlController/getGirls HTTP/1.1", host: "127.0.0.1"
2017/12/11 13:27:01 [error] 3672#12804: *4 CreateFile() "C:\workFile\soft\Nginx\nginx-1.13.5/html/girlController/getGirls" failed (3: The system cannot find the path specified), client: 127.0.0.1, server: 127.0.0.1, request: "GET /girlController/getGirls HTTP/1.1", host: "127.0.0.1"
2017/12/11 13:27:08 [error] 3672#12804: *4 CreateFile() "C:\workFile\soft\Nginx\nginx-1.13.5/html/my/girlController/getGirls" failed (3: The system cannot find the path specified), client: 127.0.0.1, server: 127.0.0.1, request: "GET /my/girlController/getGirls HTTP/1.1", host: "127.0.0.1"
2017/12/11 13:48:45 [error] 3672#12804: *10 CreateFile() "C:\workFile\soft\Nginx\nginx-1.13.5/html/htgl/group/group_systemList.action" failed (3: The system cannot find the path specified), client: 127.0.0.1, server: 127.0.0.1, request: "GET /htgl/group/group_systemList.action?channelId=all HTTP/1.1", host: "vote.chdi.com.cn", referrer: "http://vote.chdi.com.cn/htgl/group/group_systemList.action?channelId=all"
2017/12/11 13:54:25 [warn] 13712#12652: conflicting server name "127.0.0.1" on 0.0.0.0:80, ignored
2017/12/11 13:54:25 [notice] 13712#12652: signal process started
2017/12/11 13:54:34 [warn] 12696#12664: conflicting server name "127.0.0.1" on 0.0.0.0:80, ignored
2017/12/11 13:54:34 [warn] 12368#13144: conflicting server name "127.0.0.1" on 0.0.0.0:80, ignored
2017/12/11 13:54:38 [error] 12368#12612: *1 CreateFile() "C:\workFile\soft\Nginx\nginx-1.13.5/html/spring-boot/girlController/getGirls" failed (3: The system cannot find the path specified), client: 127.0.0.1, server: 127.0.0.1, request: "GET /spring-boot/girlController/getGirls HTTP/1.1", host: "127.0.0.1"
2017/12/11 13:55:02 [error] 12368#12612: *1 CreateFile() "C:\workFile\soft\Nginx\nginx-1.13.5/html/spring-boot/girlController/getGirls" failed (3: The system cannot find the path specified), client: 127.0.0.1, server: 127.0.0.1, request: "GET /spring-boot/girlController/getGirls HTTP/1.1", host: "127.0.0.1"
2017/12/11 13:55:48 [error] 12368#12612: *1 CreateFile() "C:\workFile\soft\Nginx\nginx-1.13.5/html/spring-boot/girlController/getGirls" failed (3: The system cannot find the path specified), client: 127.0.0.1, server: 127.0.0.1, request: "GET /spring-boot/girlController/getGirls HTTP/1.1", host: "127.0.0.1"
2017/12/11 13:56:41 [notice] 10496#11628: signal process started
2017/12/11 14:19:07 [notice] 15504#15508: signal process started
2017/12/11 14:20:34 [notice] 9060#15296: signal process started
2017/12/11 14:21:14 [notice] 14848#15872: signal process started
2017/12/11 14:21:38 [notice] 9144#14800: signal process started
2017/12/11 14:22:55 [notice] 15844#15840: signal process started
2017/12/11 14:23:27 [notice] 15364#16380: signal process started
2017/12/11 14:24:33 [error] 15932#15068: *1 CreateFile() "C:\workFile\soft\Nginx\nginx-1.13.5/html/htgl/group/group_systemList.action" failed (3: The system cannot find the path specified), client: 127.0.0.1, server: 127.0.0.1, request: "GET /htgl/group/group_systemList.action?channelId=all HTTP/1.1", host: "vote.chdi.com.cn"
2017/12/11 14:24:57 [error] 15932#15068: *1 CreateFile() "C:\workFile\soft\Nginx\nginx-1.13.5/html/images/info_cl_001.png" failed (3: The system cannot find the path specified), client: 127.0.0.1, server: 127.0.0.1, request: "GET /images/info_cl_001.png HTTP/1.1", host: "vote.chdi.com.cn", referrer: "http://vote.chdi.com.cn/vote/real/j_spring_cas_security_check?ticket=ST-19517-blKJfjf1EOdZpXx1hfqx-cas"
2017/12/11 14:24:57 [error] 15932#15068: *1 CreateFile() "C:\workFile\soft\Nginx\nginx-1.13.5/html/images/info_cl_002.png" failed (3: The system cannot find the path specified), client: 127.0.0.1, server: 127.0.0.1, request: "GET /images/info_cl_002.png HTTP/1.1", host: "vote.chdi.com.cn", referrer: "http://vote.chdi.com.cn/vote/real/j_spring_cas_security_check?ticket=ST-19517-blKJfjf1EOdZpXx1hfqx-cas"
2017/12/11 14:24:57 [error] 15932#15068: *1 CreateFile() "C:\workFile\soft\Nginx\nginx-1.13.5/html/images/info_cl_003.png" failed (3: The system cannot find the path specified), client: 127.0.0.1, server: 127.0.0.1, request: "GET /images/info_cl_003.png HTTP/1.1", host: "vote.chdi.com.cn", referrer: "http://vote.chdi.com.cn/vote/real/j_spring_cas_security_check?ticket=ST-19517-blKJfjf1EOdZpXx1hfqx-cas"
2017/12/11 14:25:46 [error] 15932#15068: *3 CreateFile() "C:\workFile\soft\Nginx\nginx-1.13.5/html/htgl/index/index.action" failed (3: The system cannot find the path specified), client: 127.0.0.1, server: 127.0.0.1, request: "GET /htgl/index/index.action HTTP/1.1", host: "127.0.0.1"
2017/12/11 14:26:11 [error] 15932#15068: *9 CreateFile() "C:\workFile\soft\Nginx\nginx-1.13.5/html/images/info_cl_001.png" failed (3: The system cannot find the path specified), client: 127.0.0.1, server: 127.0.0.1, request: "GET /images/info_cl_001.png HTTP/1.1", host: "vote.chdi.com.cn", referrer: "http://vote.chdi.com.cn/vote/real/j_spring_cas_security_check?ticket=ST-19518-X4shWJecrLteqBvOHslz-cas"
2017/12/11 14:26:11 [error] 15932#15068: *10 CreateFile() "C:\workFile\soft\Nginx\nginx-1.13.5/html/images/info_cl_002.png" failed (3: The system cannot find the path specified), client: 127.0.0.1, server: 127.0.0.1, request: "GET /images/info_cl_002.png HTTP/1.1", host: "vote.chdi.com.cn", referrer: "http://vote.chdi.com.cn/vote/real/j_spring_cas_security_check?ticket=ST-19518-X4shWJecrLteqBvOHslz-cas"
2017/12/11 14:26:11 [error] 15932#15068: *11 CreateFile() "C:\workFile\soft\Nginx\nginx-1.13.5/html/images/info_cl_003.png" failed (3: The system cannot find the path specified), client: 127.0.0.1, server: 127.0.0.1, request: "GET /images/info_cl_003.png HTTP/1.1", host: "vote.chdi.com.cn", referrer: "http://vote.chdi.com.cn/vote/real/j_spring_cas_security_check?ticket=ST-19518-X4shWJecrLteqBvOHslz-cas"
2017/12/11 14:26:11 [error] 15932#15068: *11 CreateFile() "C:\workFile\soft\Nginx\nginx-1.13.5/html/favicon.ico" failed (2: The system cannot find the file specified), client: 127.0.0.1, server: 127.0.0.1, request: "GET /favicon.ico HTTP/1.1", host: "vote.chdi.com.cn", referrer: "http://vote.chdi.com.cn/vote/real/j_spring_cas_security_check?ticket=ST-19518-X4shWJecrLteqBvOHslz-cas"
2017/12/11 14:26:37 [error] 15932#15068: *14 CreateFile() "C:\workFile\soft\Nginx\nginx-1.13.5/html/htgl/index/index.action" failed (3: The system cannot find the path specified), client: 127.0.0.1, server: 127.0.0.1, request: "GET /htgl/index/index.action HTTP/1.1", host: "127.0.0.1"
2017/12/11 14:26:53 [error] 15932#15068: *21 CreateFile() "C:\workFile\soft\Nginx\nginx-1.13.5/html/images/info_cl_001.png" failed (3: The system cannot find the path specified), client: 127.0.0.1, server: 127.0.0.1, request: "GET /images/info_cl_001.png HTTP/1.1", host: "vote.chdi.com.cn", referrer: "http://vote.chdi.com.cn/vote/real/j_spring_cas_security_check?ticket=ST-19521-FOjfKRpbpq0wU1wYShhb-cas"
2017/12/11 14:26:53 [error] 15932#15068: *22 CreateFile() "C:\workFile\soft\Nginx\nginx-1.13.5/html/images/info_cl_002.png" failed (3: The system cannot find the path specified), client: 127.0.0.1, server: 127.0.0.1, request: "GET /images/info_cl_002.png HTTP/1.1", host: "vote.chdi.com.cn", referrer: "http://vote.chdi.com.cn/vote/real/j_spring_cas_security_check?ticket=ST-19521-FOjfKRpbpq0wU1wYShhb-cas"
2017/12/11 14:26:53 [error] 15932#15068: *23 CreateFile() "C:\workFile\soft\Nginx\nginx-1.13.5/html/images/info_cl_003.png" failed (3: The system cannot find the path specified), client: 127.0.0.1, server: 127.0.0.1, request: "GET /images/info_cl_003.png HTTP/1.1", host: "vote.chdi.com.cn", referrer: "http://vote.chdi.com.cn/vote/real/j_spring_cas_security_check?ticket=ST-19521-FOjfKRpbpq0wU1wYShhb-cas"
2017/12/11 14:26:53 [error] 15932#15068: *23 CreateFile() "C:\workFile\soft\Nginx\nginx-1.13.5/html/favicon.ico" failed (2: The system cannot find the file specified), client: 127.0.0.1, server: 127.0.0.1, request: "GET /favicon.ico HTTP/1.1", host: "vote.chdi.com.cn", referrer: "http://vote.chdi.com.cn/vote/real/j_spring_cas_security_check?ticket=ST-19521-FOjfKRpbpq0wU1wYShhb-cas"
2017/12/11 14:27:35 [notice] 7532#12204: signal process started
2017/12/11 14:28:20 [error] 9712#12724: *16 CreateFile() "C:\workFile\soft\Nginx\nginx-1.13.5/html/vote/real/j_spring_cas_security_check" failed (3: The system cannot find the path specified), client: 127.0.0.1, server: 127.0.0.1, request: "GET /vote/real/j_spring_cas_security_check?ticket=ST-19523-jJD3sHaXSvXsCQDns1aA-cas HTTP/1.1", host: "vote.chdi.com.cn"
2017/12/11 14:40:43 [notice] 14752#13360: signal process started
2017/12/11 14:40:43 [error] 14752#13360: CreateFile() "C:\workFile\soft\Nginx\nginx-1.13.5/logs/nginx.pid" failed (2: The system cannot find the file specified)
2017/12/11 14:41:30 [error] 15028#8768: *13 CreateFile() "C:\workFile\soft\Nginx\nginx-1.13.5/html/vote/real/j_spring_cas_security_check" failed (3: The system cannot find the path specified), client: 127.0.0.1, server: 127.0.0.1, request: "GET /vote/real/j_spring_cas_security_check?ticket=ST-19541-iRNnqUnc04wLMtQa3Mej-cas HTTP/1.1", host: "vote.chdi.com.cn"
2017/12/11 14:50:58 [notice] 13340#10224: signal process started
2017/12/11 14:51:39 [error] 7064#15248: *30 CreateFile() "C:\workFile\soft\Nginx\nginx-1.13.5/html/vote/real/j_spring_cas_security_check" failed (3: The system cannot find the path specified), client: 127.0.0.1, server: 127.0.0.1, request: "GET /vote/real/j_spring_cas_security_check?ticket=ST-19551-fyUY6LcNfgNKeAAgvVUa-cas HTTP/1.1", host: "vote.chdi.com.cn"
2017/12/11 14:52:36 [error] 7064#15248: *36 CreateFile() "C:\workFile\soft\Nginx\nginx-1.13.5/html/vote/real/j_spring_cas_security_check" failed (3: The system cannot find the path specified), client: 127.0.0.1, server: 127.0.0.1, request: "GET /vote/real/j_spring_cas_security_check?ticket=ST-19552-6ePcAIVx10nbBTidAhte-cas HTTP/1.1", host: "vote.chdi.com.cn"
2017/12/11 14:56:57 [emerg] 14512#10984: invalid URL prefix in C:\workFile\soft\Nginx\nginx-1.13.5/conf/nginx.conf:60
2017/12/11 14:57:12 [emerg] 6288#4996: invalid URL prefix in C:\workFile\soft\Nginx\nginx-1.13.5/conf/nginx.conf:60
2017/12/11 14:58:08 [emerg] 10888#15596: invalid URL prefix in C:\workFile\soft\Nginx\nginx-1.13.5/conf/nginx.conf:67
2017/12/11 14:58:20 [emerg] 15860#1400: invalid URL prefix in C:\workFile\soft\Nginx\nginx-1.13.5/conf/nginx.conf:67
2017/12/11 14:58:29 [emerg] 14892#736: invalid URL prefix in C:\workFile\soft\Nginx\nginx-1.13.5/conf/nginx.conf:67
2017/12/11 14:59:44 [notice] 12956#14696: signal process started
2017/12/11 14:59:44 [error] 12956#14696: OpenEvent("Global\ngx_stop_5168") failed (2: The system cannot find the file specified)
2017/12/11 15:00:29 [error] 5976#15084: *22 CreateFile() "C:\workFile\soft\Nginx\nginx-1.13.5/html/vote/real/j_spring_cas_security_check" failed (3: The system cannot find the path specified), client: 127.0.0.1, server: 127.0.0.1, request: "GET /vote/real/j_spring_cas_security_check?ticket=ST-19555-Cb47QGHnlyYdCTJLI2nC-cas HTTP/1.1", host: "vote.chdi.com.cn"
2017/12/11 15:00:59 [error] 5976#15084: *26 CreateFile() "C:\workFile\soft\Nginx\nginx-1.13.5/html/vote/real/j_spring_cas_security_check" failed (3: The system cannot find the path specified), client: 127.0.0.1, server: 127.0.0.1, request: "GET /vote/real/j_spring_cas_security_check?ticket=ST-19556-tzeHpAsbFV3fFrfaenbk-cas HTTP/1.1", host: "vote.chdi.com.cn"
2017/12/11 15:01:20 [notice] 1752#10476: signal process started
2017/12/11 15:01:46 [error] 13476#6184: *30 CreateFile() "C:\workFile\soft\Nginx\nginx-1.13.5/html/vote/real/j_spring_cas_security_check" failed (3: The system cannot find the path specified), client: 127.0.0.1, server: 127.0.0.1, request: "GET /vote/real/j_spring_cas_security_check?ticket=ST-19558-NSBDd1hBDGhd23OAoQgv-cas HTTP/1.1", host: "vote.chdi.com.cn"
2017/12/11 15:02:14 [emerg] 13240#15936: host not found in upstream "springboot1" in C:\workFile\soft\Nginx\nginx-1.13.5/conf/nginx.conf:67
2017/12/11 15:02:37 [emerg] 5444#11540: host not found in upstream "springboot1" in C:\workFile\soft\Nginx\nginx-1.13.5/conf/nginx.conf:67
2017/12/11 15:17:38 [notice] 13028#15340: signal process started
2017/12/11 15:17:47 [error] 10320#11752: *1 CreateFile() "C:\workFile\soft\Nginx\nginx-1.13.5/html/images/info_cl_001.png" failed (3: The system cannot find the path specified), client: 127.0.0.1, server: 127.0.0.1, request: "GET /images/info_cl_001.png HTTP/1.1", host: "127.0.0.1", referrer: "http://127.0.0.1/spring-boot/girlController/getCup"
2017/12/11 15:17:47 [error] 10320#11752: *2 CreateFile() "C:\workFile\soft\Nginx\nginx-1.13.5/html/images/info_cl_002.png" failed (3: The system cannot find the path specified), client: 127.0.0.1, server: 127.0.0.1, request: "GET /images/info_cl_002.png HTTP/1.1", host: "127.0.0.1", referrer: "http://127.0.0.1/spring-boot/girlController/getCup"
2017/12/11 15:17:47 [error] 10320#11752: *4 CreateFile() "C:\workFile\soft\Nginx\nginx-1.13.5/html/images/info_cl_003.png" failed (3: The system cannot find the path specified), client: 127.0.0.1, server: 127.0.0.1, request: "GET /images/info_cl_003.png HTTP/1.1", host: "127.0.0.1", referrer: "http://127.0.0.1/spring-boot/girlController/getCup"
2017/12/11 15:17:51 [error] 10320#11752: *4 CreateFile() "C:\workFile\soft\Nginx\nginx-1.13.5/html/images/info_cl_001.png" failed (3: The system cannot find the path specified), client: 127.0.0.1, server: 127.0.0.1, request: "GET /images/info_cl_001.png HTTP/1.1", host: "127.0.0.1", referrer: "http://127.0.0.1/spring-boot/girlController/getCup"
2017/12/11 15:17:51 [error] 10320#11752: *2 CreateFile() "C:\workFile\soft\Nginx\nginx-1.13.5/html/images/info_cl_002.png" failed (3: The system cannot find the path specified), client: 127.0.0.1, server: 127.0.0.1, request: "GET /images/info_cl_002.png HTTP/1.1", host: "127.0.0.1", referrer: "http://127.0.0.1/spring-boot/girlController/getCup"
2017/12/11 15:17:51 [error] 10320#11752: *1 CreateFile() "C:\workFile\soft\Nginx\nginx-1.13.5/html/images/info_cl_003.png" failed (3: The system cannot find the path specified), client: 127.0.0.1, server: 127.0.0.1, request: "GET /images/info_cl_003.png HTTP/1.1", host: "127.0.0.1", referrer: "http://127.0.0.1/spring-boot/girlController/getCup"
2017/12/11 15:18:06 [error] 10320#11752: *1 CreateFile() "C:\workFile\soft\Nginx\nginx-1.13.5/html/images/info_cl_001.png" failed (3: The system cannot find the path specified), client: 127.0.0.1, server: 127.0.0.1, request: "GET /images/info_cl_001.png HTTP/1.1", host: "127.0.0.1", referrer: "http://127.0.0.1/spring-boot/girlController/getCup"
2017/12/11 15:18:06 [error] 10320#11752: *2 CreateFile() "C:\workFile\soft\Nginx\nginx-1.13.5/html/images/info_cl_002.png" failed (3: The system cannot find the path specified), client: 127.0.0.1, server: 127.0.0.1, request: "GET /images/info_cl_002.png HTTP/1.1", host: "127.0.0.1", referrer: "http://127.0.0.1/spring-boot/girlController/getCup"
2017/12/11 15:18:06 [error] 10320#11752: *4 CreateFile() "C:\workFile\soft\Nginx\nginx-1.13.5/html/images/info_cl_003.png" failed (3: The system cannot find the path specified), client: 127.0.0.1, server: 127.0.0.1, request: "GET /images/info_cl_003.png HTTP/1.1", host: "127.0.0.1", referrer: "http://127.0.0.1/spring-boot/girlController/getCup"
2017/12/11 15:18:19 [error] 10320#11752: *14 CreateFile() "C:\workFile\soft\Nginx\nginx-1.13.5/html/vote/real/j_spring_cas_security_check" failed (3: The system cannot find the path specified), client: 127.0.0.1, server: 127.0.0.1, request: "GET /vote/real/j_spring_cas_security_check?ticket=ST-19570-BIxxMgnU9ZurrX7FPXZv-cas HTTP/1.1", host: "vote.chdi.com.cn"
2017/12/11 15:18:38 [error] 10320#11752: *4 CreateFile() "C:\workFile\soft\Nginx\nginx-1.13.5/html/htgl/index/index.action" failed (3: The system cannot find the path specified), client: 127.0.0.1, server: 127.0.0.1, request: "GET /htgl/index/index.action HTTP/1.1", host: "127.0.0.1"
2017/12/11 15:18:43 [error] 10320#11752: *4 CreateFile() "C:\workFile\soft\Nginx\nginx-1.13.5/html/images/info_cl_001.png" failed (3: The system cannot find the path specified), client: 127.0.0.1, server: 127.0.0.1, request: "GET /images/info_cl_001.png HTTP/1.1", host: "127.0.0.1", referrer: "http://127.0.0.1/spring-boot/32423"
2017/12/11 15:18:43 [error] 10320#11752: *2 CreateFile() "C:\workFile\soft\Nginx\nginx-1.13.5/html/images/info_cl_002.png" failed (3: The system cannot find the path specified), client: 127.0.0.1, server: 127.0.0.1, request: "GET /images/info_cl_002.png HTTP/1.1", host: "127.0.0.1", referrer: "http://127.0.0.1/spring-boot/32423"
2017/12/11 15:18:43 [error] 10320#11752: *1 CreateFile() "C:\workFile\soft\Nginx\nginx-1.13.5/html/images/info_cl_003.png" failed (3: The system cannot find the path specified), client: 127.0.0.1, server: 127.0.0.1, request: "GET /images/info_cl_003.png HTTP/1.1", host: "127.0.0.1", referrer: "http://127.0.0.1/spring-boot/32423"
2017/12/11 15:21:48 [notice] 12480#13016: signal process started
2017/12/11 15:22:31 [error] 6196#12156: *1 CreateFile() "C:\workFile\soft\Nginx\nginx-1.13.5/html/images/info_cl_001.png" failed (3: The system cannot find the path specified), client: 127.0.0.1, server: 127.0.0.1, request: "GET /images/info_cl_001.png HTTP/1.1", host: "127.0.0.1", referrer: "http://127.0.0.1/spring-boot/32423"
2017/12/11 15:22:31 [error] 6196#12156: *2 CreateFile() "C:\workFile\soft\Nginx\nginx-1.13.5/html/images/info_cl_002.png" failed (3: The system cannot find the path specified), client: 127.0.0.1, server: 127.0.0.1, request: "GET /images/info_cl_002.png HTTP/1.1", host: "127.0.0.1", referrer: "http://127.0.0.1/spring-boot/32423"
2017/12/11 15:22:31 [error] 6196#12156: *3 CreateFile() "C:\workFile\soft\Nginx\nginx-1.13.5/html/images/info_cl_003.png" failed (3: The system cannot find the path specified), client: 127.0.0.1, server: 127.0.0.1, request: "GET /images/info_cl_003.png HTTP/1.1", host: "127.0.0.1", referrer: "http://127.0.0.1/spring-boot/32423"
2017/12/11 15:22:31 [error] 6196#12156: *2 CreateFile() "C:\workFile\soft\Nginx\nginx-1.13.5/html/images/info_cl_001.png" failed (3: The system cannot find the path specified), client: 127.0.0.1, server: 127.0.0.1, request: "GET /images/info_cl_001.png HTTP/1.1", host: "127.0.0.1", referrer: "http://127.0.0.1/spring-boot/32423"
2017/12/11 15:22:31 [error] 6196#12156: *3 CreateFile() "C:\workFile\soft\Nginx\nginx-1.13.5/html/images/info_cl_002.png" failed (3: The system cannot find the path specified), client: 127.0.0.1, server: 127.0.0.1, request: "GET /images/info_cl_002.png HTTP/1.1", host: "127.0.0.1", referrer: "http://127.0.0.1/spring-boot/32423"
2017/12/11 15:22:31 [error] 6196#12156: *1 CreateFile() "C:\workFile\soft\Nginx\nginx-1.13.5/html/images/info_cl_003.png" failed (3: The system cannot find the path specified), client: 127.0.0.1, server: 127.0.0.1, request: "GET /images/info_cl_003.png HTTP/1.1", host: "127.0.0.1", referrer: "http://127.0.0.1/spring-boot/32423"
2017/12/11 15:22:32 [error] 6196#12156: *3 CreateFile() "C:\workFile\soft\Nginx\nginx-1.13.5/html/images/info_cl_001.png" failed (3: The system cannot find the path specified), client: 127.0.0.1, server: 127.0.0.1, request: "GET /images/info_cl_001.png HTTP/1.1", host: "127.0.0.1", referrer: "http://127.0.0.1/spring-boot/32423"
2017/12/11 15:22:32 [error] 6196#12156: *1 CreateFile() "C:\workFile\soft\Nginx\nginx-1.13.5/html/images/info_cl_002.png" failed (3: The system cannot find the path specified), client: 127.0.0.1, server: 127.0.0.1, request: "GET /images/info_cl_002.png HTTP/1.1", host: "127.0.0.1", referrer: "http://127.0.0.1/spring-boot/32423"
2017/12/11 15:22:32 [error] 6196#12156: *2 CreateFile() "C:\workFile\soft\Nginx\nginx-1.13.5/html/images/info_cl_003.png" failed (3: The system cannot find the path specified), client: 127.0.0.1, server: 127.0.0.1, request: "GET /images/info_cl_003.png HTTP/1.1", host: "127.0.0.1", referrer: "http://127.0.0.1/spring-boot/32423"
2017/12/11 15:22:32 [error] 6196#12156: *2 CreateFile() "C:\workFile\soft\Nginx\nginx-1.13.5/html/images/info_cl_001.png" failed (3: The system cannot find the path specified), client: 127.0.0.1, server: 127.0.0.1, request: "GET /images/info_cl_001.png HTTP/1.1", host: "127.0.0.1", referrer: "http://127.0.0.1/spring-boot/32423"
2017/12/11 15:22:32 [error] 6196#12156: *1 CreateFile() "C:\workFile\soft\Nginx\nginx-1.13.5/html/images/info_cl_002.png" failed (3: The system cannot find the path specified), client: 127.0.0.1, server: 127.0.0.1, request: "GET /images/info_cl_002.png HTTP/1.1", host: "127.0.0.1", referrer: "http://127.0.0.1/spring-boot/32423"
2017/12/11 15:22:32 [error] 6196#12156: *3 CreateFile() "C:\workFile\soft\Nginx\nginx-1.13.5/html/images/info_cl_003.png" failed (3: The system cannot find the path specified), client: 127.0.0.1, server: 127.0.0.1, request: "GET /images/info_cl_003.png HTTP/1.1", host: "127.0.0.1", referrer: "http://127.0.0.1/spring-boot/32423"
2017/12/11 15:22:32 [error] 6196#12156: *3 CreateFile() "C:\workFile\soft\Nginx\nginx-1.13.5/html/images/info_cl_001.png" failed (3: The system cannot find the path specified), client: 127.0.0.1, server: 127.0.0.1, request: "GET /images/info_cl_001.png HTTP/1.1", host: "127.0.0.1", referrer: "http://127.0.0.1/spring-boot/32423"
2017/12/11 15:22:32 [error] 6196#12156: *2 CreateFile() "C:\workFile\soft\Nginx\nginx-1.13.5/html/images/info_cl_002.png" failed (3: The system cannot find the path specified), client: 127.0.0.1, server: 127.0.0.1, request: "GET /images/info_cl_002.png HTTP/1.1", host: "127.0.0.1", referrer: "http://127.0.0.1/spring-boot/32423"
2017/12/11 15:22:32 [error] 6196#12156: *1 CreateFile() "C:\workFile\soft\Nginx\nginx-1.13.5/html/images/info_cl_003.png" failed (3: The system cannot find the path specified), client: 127.0.0.1, server: 127.0.0.1, request: "GET /images/info_cl_003.png HTTP/1.1", host: "127.0.0.1", referrer: "http://127.0.0.1/spring-boot/32423"
2017/12/11 15:22:32 [error] 6196#12156: *1 CreateFile() "C:\workFile\soft\Nginx\nginx-1.13.5/html/images/info_cl_001.png" failed (3: The system cannot find the path specified), client: 127.0.0.1, server: 127.0.0.1, request: "GET /images/info_cl_001.png HTTP/1.1", host: "127.0.0.1", referrer: "http://127.0.0.1/spring-boot/32423"
2017/12/11 15:22:32 [error] 6196#12156: *2 CreateFile() "C:\workFile\soft\Nginx\nginx-1.13.5/html/images/info_cl_002.png" failed (3: The system cannot find the path specified), client: 127.0.0.1, server: 127.0.0.1, request: "GET /images/info_cl_002.png HTTP/1.1", host: "127.0.0.1", referrer: "http://127.0.0.1/spring-boot/32423"
2017/12/11 15:22:32 [error] 6196#12156: *3 CreateFile() "C:\workFile\soft\Nginx\nginx-1.13.5/html/images/info_cl_003.png" failed (3: The system cannot find the path specified), client: 127.0.0.1, server: 127.0.0.1, request: "GET /images/info_cl_003.png HTTP/1.1", host: "127.0.0.1", referrer: "http://127.0.0.1/spring-boot/32423"
2017/12/11 15:22:42 [error] 6196#12156: *13 CreateFile() "C:\workFile\soft\Nginx\nginx-1.13.5/html/vote/real/j_spring_cas_security_check" failed (3: The system cannot find the path specified), client: 127.0.0.1, server: 127.0.0.1, request: "GET /vote/real/j_spring_cas_security_check?ticket=ST-19572-BOAxCIqzZJVN5hbWKy9l-cas HTTP/1.1", host: "vote.chdi.com.cn"
2017/12/11 15:25:01 [notice] 4900#8388: signal process started
2017/12/11 18:28:33 [warn] 17300#16640: duplicate MIME type "text/html" in C:\workFile\soft\Nginx\nginx-1.13.5/conf/nginx.conf:67
2017/12/11 18:28:36 [warn] 11592#11652: duplicate MIME type "text/html" in C:\workFile\soft\Nginx\nginx-1.13.5/conf/nginx.conf:67
2017/12/11 18:28:42 [warn] 19416#10940: duplicate MIME type "text/html" in C:\workFile\soft\Nginx\nginx-1.13.5/conf/nginx.conf:67
